spawn ssh -o StrictHostKeyChecking=no -o UserKnownHostsFile=/Users/zhiqizhang/development/BigData/project-stackoverflow-clustering/docs/verification/known_hosts_cluster root@10.176.62.239 source /etc/profile 2>/dev/null || true; export JAVA_HOME=/opt/bigdata/jdk; export HADOOP_HOME=/opt/bigdata/hadoop; export PATH=$JAVA_HOME/bin:$HADOOP_HOME/bin:$HADOOP_HOME/sbin:$PATH; echo --- MASTER_LOG_DIR ---; ls -la /opt/bigdata/hadoop/logs /opt/bigdata/hadoop-3.3.6/logs 2>&1 | head -80; echo --- WORKER1_LOG_DIR ---; ssh -n worker1 'ls -la /opt/bigdata/hadoop/logs /opt/bigdata/hadoop-3.3.6/logs 2>&1 | head -100'; echo --- WORKER2_LOG_DIR ---; ssh -n worker2 'ls -la /opt/bigdata/hadoop/logs /opt/bigdata/hadoop-3.3.6/logs 2>&1 | head -100'; echo --- NODE_STATUS_WORKER1 ---; yarn node -status worker1:46924; echo --- NODE_STATUS_WORKER2 ---; yarn node -status worker2:33924
bash: warning: setlocale: LC_ALL: cannot change locale (C.UTF-8)
/bin/sh: warning: setlocale: LC_ALL: cannot change locale (C.UTF-8)
--- MASTER_LOG_DIR ---
/opt/bigdata/hadoop-3.3.6/logs:
total 932
drwxr-xr-x.  2 root root   4096 May 27 02:41 .
drwxr-xr-x. 11 1000 1000   4096 May 27 02:33 ..
-rw-r--r--.  1 root root      0 May 27 02:33 SecurityAuth-root.audit
-rw-r--r--.  1 root root 335532 May 27 10:06 hadoop-root-namenode-master.log
-rw-r--r--.  1 root root    692 May 27 02:37 hadoop-root-namenode-master.out
-rw-r--r--.  1 root root 320599 May 27 10:06 hadoop-root-resourcemanager-master.log
-rw-r--r--.  1 root root   2219 May 27 02:44 hadoop-root-resourcemanager-master.out
-rw-r--r--.  1 root root  63223 May 27 09:43 hadoop-root-secondarynamenode-master.log
-rw-r--r--.  1 root root    692 May 27 02:38 hadoop-root-secondarynamenode-master.out

/opt/bigdata/hadoop/logs:
total 932
drwxr-xr-x.  2 root root   4096 May 27 02:41 .
drwxr-xr-x. 11 1000 1000   4096 May 27 02:33 ..
-rw-r--r--.  1 root root      0 May 27 02:33 SecurityAuth-root.audit
-rw-r--r--.  1 root root 335532 May 27 10:06 hadoop-root-namenode-master.log
-rw-r--r--.  1 root root    692 May 27 02:37 hadoop-root-namenode-master.out
-rw-r--r--.  1 root root 320599 May 27 10:06 hadoop-root-resourcemanager-master.log
-rw-r--r--.  1 root root   2219 May 27 02:44 hadoop-root-resourcemanager-master.out
-rw-r--r--.  1 root root  63223 May 27 09:43 hadoop-root-secondarynamenode-master.log
-rw-r--r--.  1 root root    692 May 27 02:38 hadoop-root-secondarynamenode-master.out
--- WORKER1_LOG_DIR ---
bash: warning: setlocale: LC_ALL: cannot change locale (C.UTF-8)
/bin/sh: warning: setlocale: LC_ALL: cannot change locale (C.UTF-8)
/opt/bigdata/hadoop-3.3.6/logs:
total 548
drwxr-xr-x.  3 root root   4096 May 27 05:51 .
drwxr-xr-x. 11 1000 1000   4096 May 27 02:37 ..
-rw-r--r--.  1 root root      0 May 27 02:37 SecurityAuth-root.audit
-rw-r--r--.  1 root root 330446 May 27 08:06 hadoop-root-datanode-worker1.log
-rw-r--r--.  1 root root    692 May 27 05:51 hadoop-root-datanode-worker1.out
-rw-r--r--.  1 root root    692 May 27 02:37 hadoop-root-datanode-worker1.out.1
-rw-r--r--.  1 root root 154176 May 27 10:06 hadoop-root-nodemanager-worker1.log
-rw-r--r--.  1 root root   2203 May 27 05:55 hadoop-root-nodemanager-worker1.out
-rw-r--r--.  1 root root   2203 May 27 02:42 hadoop-root-nodemanager-worker1.out.1
drwxr-xr-x.  3 root root     43 May 27 10:03 userlogs

/opt/bigdata/hadoop/logs:
total 548
drwxr-xr-x.  3 root root   4096 May 27 05:51 .
drwxr-xr-x. 11 1000 1000   4096 May 27 02:37 ..
-rw-r--r--.  1 root root      0 May 27 02:37 SecurityAuth-root.audit
-rw-r--r--.  1 root root 330446 May 27 08:06 hadoop-root-datanode-worker1.log
-rw-r--r--.  1 root root    692 May 27 05:51 hadoop-root-datanode-worker1.out
-rw-r--r--.  1 root root    692 May 27 02:37 hadoop-root-datanode-worker1.out.1
-rw-r--r--.  1 root root 154176 May 27 10:06 hadoop-root-nodemanager-worker1.log
-rw-r--r--.  1 root root   2203 May 27 05:55 hadoop-root-nodemanager-worker1.out
-rw-r--r--.  1 root root   2203 May 27 02:42 hadoop-root-nodemanager-worker1.out.1
drwxr-xr-x.  3 root root     43 May 27 10:03 userlogs
--- WORKER2_LOG_DIR ---
bash: warning: setlocale: LC_ALL: cannot change locale (C.UTF-8)
/bin/sh: warning: setlocale: LC_ALL: cannot change locale (C.UTF-8)
/opt/bigdata/hadoop-3.3.6/logs:
total 972
drwxr-xr-x.  3 root root   4096 May 27 02:33 .
drwxr-xr-x. 11 1000 1000   4096 May 27 02:29 ..
-rw-r--r--.  1 root root      0 May 27 02:29 SecurityAuth-root.audit
-rw-r--r--.  1 root root 658824 May 27 09:58 hadoop-root-datanode-worker2.log
-rw-r--r--.  1 root root    692 May 27 02:29 hadoop-root-datanode-worker2.out
-rw-r--r--.  1 root root 309991 May 27 09:53 hadoop-root-nodemanager-worker2.log
-rw-r--r--.  1 root root   2203 May 27 02:33 hadoop-root-nodemanager-worker2.out
drwxr-xr-x.  2 root root      6 May 27 08:42 userlogs

/opt/bigdata/hadoop/logs:
total 972
drwxr-xr-x.  3 root root   4096 May 27 02:33 .
drwxr-xr-x. 11 1000 1000   4096 May 27 02:29 ..
-rw-r--r--.  1 root root      0 May 27 02:29 SecurityAuth-root.audit
-rw-r--r--.  1 root root 658824 May 27 09:58 hadoop-root-datanode-worker2.log
-rw-r--r--.  1 root root    692 May 27 02:29 hadoop-root-datanode-worker2.out
-rw-r--r--.  1 root root 309991 May 27 09:53 hadoop-root-nodemanager-worker2.log
-rw-r--r--.  1 root root   2203 May 27 02:33 hadoop-root-nodemanager-worker2.out
drwxr-xr-x.  2 root root      6 May 27 08:42 userlogs
--- NODE_STATUS_WORKER1 ---
bash: warning: setlocale: LC_ALL: cannot change locale (C.UTF-8)
2026-05-27 10:07:15,528 INFO client.DefaultNoHARMFailoverProxyProvider: Connecting to ResourceManager at master/10.176.62.239:8032
2026-05-27 10:07:16,108 INFO conf.Configuration: resource-types.xml not found
2026-05-27 10:07:16,108 INFO resource.ResourceUtils: Unable to find 'resource-types.xml'.
Node Report : 
	Node-Id : worker1:46924
	Rack : /default-rack
	Node-State : RUNNING
	Node-Http-Address : worker1:8042
	Last-Health-Update : Wed 27/May/26 10:06:27:198EDT
	Health-Report : 
	Containers : 0
	Memory-Used : 0MB
	Memory-Capacity : 8192MB
	CPU-Used : 0 vcores
	CPU-Capacity : 8 vcores
	Node-Labels : 
	Node Attributes : 
	Resource Utilization by Node : PMem:13553 MB, VMem:13553 MB, VCores:0.099966675
	Resource Utilization by Containers : PMem:0 MB, VMem:0 MB, VCores:0.0

--- NODE_STATUS_WORKER2 ---
bash: warning: setlocale: LC_ALL: cannot change locale (C.UTF-8)
2026-05-27 10:07:17,138 INFO client.DefaultNoHARMFailoverProxyProvider: Connecting to ResourceManager at master/10.176.62.239:8032
Node Report : 
	Node-Id : worker2:33924
	Rack : /default-rack
	Node-State : RUNNING
	Node-Http-Address : worker2:8042
	Last-Health-Update : Wed 27/May/26 09:57:53:321EDT
	Health-Report : 
	Containers : 0
	Memory-Used : 0MB
	Memory-Capacity : 8192MB
	CPU-Used : 0 vcores
	CPU-Capacity : 8 vcores
	Node-Labels : 
	Node Attributes : 
	Resource Utilization by Node : PMem:4517 MB, VMem:4517 MB, VCores:0.06666666
	Resource Utilization by Containers : PMem:0 MB, VMem:0 MB, VCores:0.0
2026-05-27 10:07:17,714 INFO conf.Configuration: resource-types.xml not found
2026-05-27 10:07:17,714 INFO resource.ResourceUtils: Unable to find 'resource-types.xml'.

